// Jest Snapshot v1, https://goo.gl/fbAQLP

exports[`Quiz.js should match snapshot 1`] = `
<div>
  <p>
    LOADING
  </p>
</div>
`;
